
R version 4.4.3 (2025-02-28 ucrt) -- "Trophy Case"
Copyright (C) 2025 The R Foundation for Statistical Computing
Platform: x86_64-w64-mingw32/x64

R is free software and comes with ABSOLUTELY NO WARRANTY.
You are welcome to redistribute it under certain conditions.
Type 'license()' or 'licence()' for distribution details.

R is a collaborative project with many contributors.
Type 'contributors()' for more information and
'citation()' on how to cite R or R packages in publications.

Type 'demo()' for some demos, 'help()' for on-line help, or
'help.start()' for an HTML browser interface to help.
Type 'q()' to quit R.

> # Load packages
> library(lme4)
Loading required package: Matrix
> library(tidyverse)
── Attaching core tidyverse packages ───────────────────────── tidyverse 2.0.0 ──
✔ dplyr     1.1.4     ✔ readr     2.1.5
✔ forcats   1.0.0     ✔ stringr   1.5.1
✔ ggplot2   3.5.1     ✔ tibble    3.2.1
✔ lubridate 1.9.4     ✔ tidyr     1.3.1
✔ purrr     1.0.4     
── Conflicts ─────────────────────────────────────────── tidyverse_conflicts() ──
✖ tidyr::expand() masks Matrix::expand()
✖ dplyr::filter() masks stats::filter()
✖ dplyr::lag()    masks stats::lag()
✖ tidyr::pack()   masks Matrix::pack()
✖ tidyr::unpack() masks Matrix::unpack()
ℹ Use the conflicted package to force all conflicts to become errors
> options(scipen=999)
> library(readxl)
> library(mgcv)
Loading required package: nlme

Attaching package: ‘nlme’

The following object is masked from ‘package:dplyr’:

    collapse

The following object is masked from ‘package:lme4’:

    lmList

This is mgcv 1.9-1. For overview type 'help("mgcv-package")'.
> library(ggplot2)
> # Set wd
> setwd("C:/Users/klobu/Dropbox/Phd project/Experiment/Hungarian_study")
Error in setwd("C:/Users/klobu/Dropbox/Phd project/Experiment/Hungarian_study") : 
  cannot change working directory
> # Set wd
> setwd("C:/Users/neven/Dropbox/Phd project/Experiment/Hungarian_study")
> # Import data
> Data <- read_xlsx(path = "HUresults.xlsx")
> m0 <- glmer(accuracy ~ 1 +
+               (1|subjects) + (1|item),
+             family = "binomial",
+             data = Data)
> 
> summary(m0)
Generalized linear mixed model fit by maximum likelihood (Laplace  Approximation)
 [glmerMod]
 Family: binomial  ( logit )
Formula: accuracy ~ 1 + (1 | subjects) + (1 | item)
   Data: Data

      AIC       BIC    logLik -2*log(L)  df.resid 
    357.3     369.9    -175.6     351.3       493 

Scaled residuals: 
    Min      1Q  Median      3Q     Max 
-3.6532  0.2324  0.2894  0.3547  0.8728 

Random effects:
 Groups   Name        Variance Std.Dev.
 subjects (Intercept) 0.8079   0.8988  
 item     (Intercept) 0.2098   0.4580  
Number of obs: 496, groups:  subjects, 31; item, 16

Fixed effects:
            Estimate Std. Error z value            Pr(>|z|)    
(Intercept)   2.3423     0.2837   8.255 <0.0000000000000002 ***
---
Signif. codes:  0 ‘***’ 0.001 ‘**’ 0.01 ‘*’ 0.05 ‘.’ 0.1 ‘ ’ 1
> # Standardize age (z-score transformation)
> Data$age_scaled <- scale(Data$age, center = TRUE, scale = TRUE)
> m <- glmer(accuracy ~ age_scaled +
+              (1|subjects) + (1|item),
+            family = binomial(),
+            data = Data
+            )
> 
> summary(m)
Generalized linear mixed model fit by maximum likelihood (Laplace  Approximation)
 [glmerMod]
 Family: binomial  ( logit )
Formula: accuracy ~ age_scaled + (1 | subjects) + (1 | item)
   Data: Data

      AIC       BIC    logLik -2*log(L)  df.resid 
    350.6     367.4    -171.3     342.6       492 

Scaled residuals: 
    Min      1Q  Median      3Q     Max 
-4.5734  0.2044  0.2804  0.3770  0.8857 

Random effects:
 Groups   Name        Variance Std.Dev.
 subjects (Intercept) 0.4711   0.6864  
 item     (Intercept) 0.2094   0.4576  
Number of obs: 496, groups:  subjects, 31; item, 16

Fixed effects:
            Estimate Std. Error z value             Pr(>|z|)    
(Intercept)   2.3549     0.2641   8.917 < 0.0000000000000002 ***
age_scaled    0.6266     0.2080   3.012              0.00259 ** 
---
Signif. codes:  0 ‘***’ 0.001 ‘**’ 0.01 ‘*’ 0.05 ‘.’ 0.1 ‘ ’ 1

Correlation of Fixed Effects:
           (Intr)
age_scaled 0.260 
> # Compare null model with age model
> anova(m0, m, test = "Chisq")
Data: Data
Models:
m0: accuracy ~ 1 + (1 | subjects) + (1 | item)
m: accuracy ~ age_scaled + (1 | subjects) + (1 | item)
   npar    AIC    BIC  logLik -2*log(L)  Chisq Df Pr(>Chisq)   
m0    3 357.26 369.88 -175.63    351.26                        
m     4 350.56 367.38 -171.28    342.56 8.6996  1   0.003183 **
---
Signif. codes:  0 ‘***’ 0.001 ‘**’ 0.01 ‘*’ 0.05 ‘.’ 0.1 ‘ ’ 1
> m1 <- glmer(accuracy ~ pronoun_type +
+               (1|subjects) + (1|item),
+             family = binomial(),
+             data = Data
+               )
> 
> summary(m1)
Generalized linear mixed model fit by maximum likelihood (Laplace  Approximation)
 [glmerMod]
 Family: binomial  ( logit )
Formula: accuracy ~ pronoun_type + (1 | subjects) + (1 | item)
   Data: Data

      AIC       BIC    logLik -2*log(L)  df.resid 
    359.3     376.1    -175.6     351.3       492 

Scaled residuals: 
    Min      1Q  Median      3Q     Max 
-3.6412  0.2317  0.2884  0.3561  0.8759 

Random effects:
 Groups   Name        Variance Std.Dev.
 subjects (Intercept) 0.8080   0.8989  
 item     (Intercept) 0.2101   0.4584  
Number of obs: 496, groups:  subjects, 31; item, 16

Fixed effects:
                    Estimate Std. Error z value          Pr(>|z|)    
(Intercept)          2.33509    0.31812    7.34 0.000000000000213 ***
pronoun_typepronoun  0.01461    0.29429    0.05              0.96    
---
Signif. codes:  0 ‘***’ 0.001 ‘**’ 0.01 ‘*’ 0.05 ‘.’ 0.1 ‘ ’ 1

Correlation of Fixed Effects:
            (Intr)
prnn_typprn -0.452
> m2 <- glmer(accuracy ~ pronoun_type * age_scaled  +
+               (1|subjects) + (1|item),
+             family = binomial(),
+             data = Data
+ )
> 
> summary(m2)
Generalized linear mixed model fit by maximum likelihood (Laplace  Approximation)
 [glmerMod]
 Family: binomial  ( logit )
Formula: accuracy ~ pronoun_type * age_scaled + (1 | subjects) + (1 |      item)
   Data: Data

      AIC       BIC    logLik -2*log(L)  df.resid 
    353.8     379.1    -170.9     341.8       490 

Scaled residuals: 
    Min      1Q  Median      3Q     Max 
-4.1204  0.2060  0.2756  0.3769  0.8819 

Random effects:
 Groups   Name        Variance Std.Dev.
 subjects (Intercept) 0.4757   0.6897  
 item     (Intercept) 0.2100   0.4582  
Number of obs: 496, groups:  subjects, 31; item, 16

Fixed effects:
                               Estimate Std. Error z value           Pr(>|z|)
(Intercept)                      2.3043     0.3012   7.649 0.0000000000000202
pronoun_typepronoun              0.1196     0.3219   0.372             0.7102
age_scaled                       0.5000     0.2544   1.965             0.0494
pronoun_typepronoun:age_scaled   0.2656     0.3166   0.839             0.4016
                                  
(Intercept)                    ***
pronoun_typepronoun               
age_scaled                     *  
pronoun_typepronoun:age_scaled    
---
Signif. codes:  0 ‘***’ 0.001 ‘**’ 0.01 ‘*’ 0.05 ‘.’ 0.1 ‘ ’ 1

Correlation of Fixed Effects:
            (Intr) prnn_t ag_scl
prnn_typprn -0.475              
age_scaled   0.238 -0.169       
prnn_typp:_ -0.135  0.391 -0.570